Команда: uname -a
Linux ubuntu-lab 6.8.0-107-generic #107-Ubuntu SMP PREEMPT_DYNAMIC Fri Mar 13 19:51:50 UTC 2026 x86_64 x86_64 x86_64 GNU/Linux

Команда: cat /etc/os-release
PRETTY_NAME="Ubuntu 24.04.4 LTS"
NAME="Ubuntu"
VERSION_ID="24.04"
VERSION="24.04.4 LTS (Noble Numbat)"
VERSION_CODENAME=noble
ID=ubuntu
ID_LIKE=debian
HOME_URL="https://www.ubuntu.com/"
SUPPORT_URL="https://help.ubuntu.com/"
BUG_REPORT_URL="https://bugs.launchpad.net/ubuntu/"
PRIVACY_POLICY_URL="https://www.ubuntu.com/legal/terms-and-policies/privacy-policy"
UBUNTU_CODENAME=noble
LOGO=ubuntu-logo

Команда: whoami
student

Команда: ip a
1: lo: <LOOPBACK,UP,LOWER_UP> mtu 65536 qdisc noqueue state UNKNOWN group default qlen 1000
    link/loopback 00:00:00:00:00:00 brd 00:00:00:00:00:00
    inet 127.0.0.1/8 scope host lo
       valid_lft forever preferred_lft forever
    inet6 ::1/128 scope host noprefixroute 
       valid_lft forever preferred_lft forever
2: enp0s3: <BROADCAST,MULTICAST,UP,LOWER_UP> mtu 1500 qdisc fq_codel state UP group default qlen 1000
    link/ether 08:00:27:ab:bc:32 brd ff:ff:ff:ff:ff:ff
    inet 10.0.2.15/24 metric 100 brd 10.0.2.255 scope global dynamic enp0s3
       valid_lft 84975sec preferred_lft 84975sec
    inet6 fd17:625c:f037:2:a00:27ff:feab:bc32/64 scope global dynamic mngtmpaddr noprefixroute 
       valid_lft 85994sec preferred_lft 13994sec
    inet6 fe80::a00:27ff:feab:bc32/64 scope link 
       valid_lft forever preferred_lft forever
3: enp0s8: <BROADCAST,MULTICAST,UP,LOWER_UP> mtu 1500 qdisc fq_codel state UP group default qlen 1000
    link/ether 08:00:27:a8:61:75 brd ff:ff:ff:ff:ff:ff
    inet 192.168.56.12/24 brd 192.168.56.255 scope global enp0s8
       valid_lft forever preferred_lft forever
    inet6 fe80::a00:27ff:fea8:6175/64 scope link 
       valid_lft forever preferred_lft forever

Команда: df -h
Filesystem                         Size  Used Avail Use% Mounted on
tmpfs                              197M  1.1M  196M   1% /run
/dev/mapper/ubuntu--vg-ubuntu--lv  9.8G  5.1G  4.2G  55% /
tmpfs                              985M     0  985M   0% /dev/shm
tmpfs                              5.0M     0  5.0M   0% /run/lock
/dev/sda2                          1.8G  104M  1.6G   7% /boot
tmpfs                              197M   12K  197M   1% /run/user/1000

Команда: free -h
               total        used        free      shared  buff/cache   available
Mem:           1.9Gi       310Mi       1.2Gi       1.1Mi       601Mi       1.6Gi
Swap:          1.8Gi          0B       1.8Gi

Команда: lsblk
NAME                      MAJ:MIN RM  SIZE RO TYPE MOUNTPOINTS
sda                         8:0    0   20G  0 disk 
├─sda1                      8:1    0    1M  0 part 
├─sda2                      8:2    0  1.8G  0 part /boot
└─sda3                      8:3    0 18.2G  0 part 
  └─ubuntu--vg-ubuntu--lv 252:0    0   10G  0 lvm  /
sr0                        11:0    1 1024M  0 rom  

Команда: date
Mon Apr 13 03:11:27 AM UTC 2026

Команда: systemctl --version
systemd 255 (255.4-1ubuntu8.15)
+PAM +AUDIT +SELINUX +APPARMOR +IMA +SMACK +SECCOMP +GCRYPT -GNUTLS +OPENSSL +ACL +BLKID +CURL +ELFUTILS +FIDO2 +IDN2 -IDN +IPTC +KMOD +LIBCRYPTSETUP +LIBFDISK +PCRE2 -PWQUALITY +P11KIT +QRENCODE +TPM2 +BZIP2 +LZ4 +XZ +ZLIB +ZSTD -BPF_FRAMEWORK -XKBCOMMON +UTMP +SYSVINIT default-hierarchy=unified

