Команда: uname -a
Linux student 6.8.0-101-generic #101-Ubuntu SMP PREEMPT_DYNAMIC Mon Feb  9 10:15:05 UTC 2026 x86_64 x86_64 x86_64 GNU/Linux

Команда: cat /etc/os-release
PRETTY_NAME="Ubuntu 24.04.4 LTS"
NAME="Ubuntu"
VERSION_ID="24.04"
VERSION="24.04.4 LTS (Noble Numbat)"
VERSION_CODENAME=noble
ID=ubuntu
ID_LIKE=debian
HOME_URL="https://www.ubuntu.com/"
SUPPORT_URL="https://help.ubuntu.com/"
BUG_REPORT_URL="https://bugs.launchpad.net/ubuntu/"
PRIVACY_POLICY_URL="https://www.ubuntu.com/legal/terms-and-policies/privacy-policy"
UBUNTU_CODENAME=noble
LOGO=ubuntu-logo

Команда: whoami
student

Команда: ip a
1: lo: <LOOPBACK,UP,LOWER_UP> mtu 65536 qdisc noqueue state UNKNOWN group default qlen 1000
    link/loopback 00:00:00:00:00:00 brd 00:00:00:00:00:00
    inet 127.0.0.1/8 scope host lo
       valid_lft forever preferred_lft forever
    inet6 ::1/128 scope host noprefixroute 
       valid_lft forever preferred_lft forever
2: enp0s3: <BROADCAST,MULTICAST,UP,LOWER_UP> mtu 1500 qdisc fq_codel state UP group default qlen 1000
    link/ether 08:00:27:96:21:23 brd ff:ff:ff:ff:ff:ff
    inet 192.168.1.243/24 metric 100 brd 192.168.1.255 scope global dynamic enp0s3
       valid_lft 86039sec preferred_lft 86039sec
    inet6 fe80::a00:27ff:fe96:2123/64 scope link 
       valid_lft forever preferred_lft forever

Команда: df -h
Filesystem                         Size  Used Avail Use% Mounted on
tmpfs                              197M  1.1M  196M   1% /run
/dev/mapper/ubuntu--vg-ubuntu--lv  9.8G  4.6G  4.7G  50% /
tmpfs                              985M     0  985M   0% /dev/shm
tmpfs                              5.0M     0  5.0M   0% /run/lock
/dev/sda2                          1.8G  104M  1.6G   7% /boot
tmpfs                              197M   12K  197M   1% /run/user/1000

Команда: free -h
               total        used        free      shared  buff/cache   available
Mem:           1.9Gi       357Mi       1.4Gi       1.1Mi       318Mi       1.6Gi
Swap:          1.9Gi          0B       1.9Gi

Команда: lsblk
NAME                      MAJ:MIN RM  SIZE RO TYPE MOUNTPOINTS
sda                         8:0    0   20G  0 disk 
├─sda1                      8:1    0    1M  0 part 
├─sda2                      8:2    0  1.8G  0 part /boot
└─sda3                      8:3    0 18.2G  0 part 
  └─ubuntu--vg-ubuntu--lv 252:0    0   10G  0 lvm  /
sr0                        11:0    1 1024M  0 rom  

Команда: date
Sun Mar 22 01:20:34 AM UTC 2026

Команда: systemctl --version
systemd 255 (255.4-1ubuntu8.12)
+PAM +AUDIT +SELINUX +APPARMOR +IMA +SMACK +SECCOMP +GCRYPT -GNUTLS +OPENSSL +ACL +BLKID +CURL +ELFUTILS +FIDO2 +IDN2 -IDN +IPTC +KMOD +LIBCRYPTSETUP +LIBFDISK +PCRE2 -PWQUALITY +P11KIT +QRENCODE +TPM2 +BZIP2 +LZ4 +XZ +ZLIB +ZSTD -BPF_FRAMEWORK -XKBCOMMON +UTMP +SYSVINIT default-hierarchy=unified

